# AProject
An AProject task @frobnitz +AProject

# _None
