# AProj
Figure out what AProj is @computer +AProj

Wandering task @computer +AProj
Do an AProj @computer +AProj

# BProj
#
# This is BProj

1st task @computer +BProj
second task @pending +BProj


# CProj
#

Make a CProj @computer +CProj
Do a CProj @computer +CProj

# _None

Lonely task @computer
