# AProj


# BProj
# The real BProj header

Existing BProj task @computer +BProj

This task should be in BProj @computer +BProj

# _None
