# AProj
#

First task in the 'A' project @computer +AProj
Second task in the 'A' project @computer +AProj

# BProj
#

First task in the 'B' project @phone +BProj

# _None
#

No project listed @computer
