# NewProj
#

new taskproj @computer +NewProj

# _None

