# _None
#

identified lonely task @computer

lonely task @computer
