# A
task @work +A

# B
Another task @work +B

# _None
#

