# Aproj
#
# notaheader
#
#

task @computer +Aproj

# _None
#

