# ProjA

Task A1


Task A2

# ProjB

Task B1

# _None

