# noproj
#

This is a single todo item @nowhere +noproj

# _None
#

