# AProj
atask @computer +AProj

# BProj
btask @computer +BProj

# _None
