# ExistingProj
#

Existing task @computer +ExistingProj

New task @computer +ExistingProj

# _None
#

