# AProj

This item has a Ã‡edilla @nocontext +AProj

# _None
